// Jest Snapshot v1, https://goo.gl/fbAQLP

exports[`Trampoline should render nothing and redirect 1`] = `
<Provider
  store={
    Object {
      "clearActions": [Function],
      "dispatch": [Function],
      "getActions": [Function],
      "getState": [Function],
      "replaceReducer": [Function],
      "subscribe": [Function],
    }
  }
>
  <Connect(TrampolinePage)>
    <TrampolinePage
      redirect={[Function]}
      redirectTo="/foo"
    />
  </Connect(TrampolinePage)>
</Provider>
`;
